// Jest Snapshot v1, https://goo.gl/fbAQLP

exports[`<SocialLink /> should render the heading 1`] = `
<main
  class="p997hr-0"
>
  <h1>
    SocialLink
  </h1>
</main>
`;
